// Jest Snapshot v1, https://goo.gl/fbAQLP

exports[`With Snapshot Testing Header matches Snapshot 1`] = `
<header>
  <nav>
    <div
      className="ui pointing secondary menu"
    >
      <div
        className="item"
        onClick={[Function]}
      >
        <a
          href="/"
          onClick={[Function]}
        >
          Home
        </a>
      </div>
      <div
        className="active item"
        onClick={[Function]}
      >
        <a
          href="/about"
          onClick={[Function]}
        >
          About
        </a>
      </div>
    </div>
  </nav>
</header>
`;
